Worker 0/4: 6/13 models pending (6 lambdas)
Loading training data (100K subset, seed=42)...
Loading test data (1000 OOD)...
Union of shared train indices: 2527 (from 6 lambdas)
SGLD: eps=3e-06, gamma=500.0, nbeta=100.0, steps=2000, burn_in=500, sgld_bs=256

[1/6] run 261890a4
    Draw 200/1500
    Draw 400/1500
    Draw 600/1500
    Draw 800/1500
    Draw 1000/1500
    Draw 1200/1500
    Draw 1400/1500
  lambda=1e-10: saved [1000x1000]
  lambda=1e-08: saved [1000x1000]
  lambda=1e-06: saved [1000x1000]
  lambda=1e-04: saved [1000x1000]
  lambda=1e-02: saved [1000x1000]
  lambda=1e+00: saved [1000x1000]

[2/6] run 4b1821a6
    Draw 200/1500
    Draw 400/1500
    Draw 600/1500
    Draw 800/1500
    Draw 1000/1500
    Draw 1200/1500
    Draw 1400/1500
  lambda=1e-10: saved [1000x1000]
  lambda=1e-08: saved [1000x1000]
  lambda=1e-06: saved [1000x1000]
  lambda=1e-04: saved [1000x1000]
  lambda=1e-02: saved [1000x1000]
  lambda=1e+00: saved [1000x1000]

[3/6] run 6dc71cae
    Draw 200/1500
    Draw 400/1500
    Draw 600/1500
    Draw 800/1500
    Draw 1000/1500
    Draw 1200/1500
    Draw 1400/1500
  lambda=1e-10: saved [1000x1000]
  lambda=1e-08: saved [1000x1000]
  lambda=1e-06: saved [1000x1000]
  lambda=1e-04: saved [1000x1000]
  lambda=1e-02: saved [1000x1000]
  lambda=1e+00: saved [1000x1000]

[4/6] run 8b4a18ce
    Draw 200/1500
    Draw 400/1500
    Draw 600/1500
    Draw 800/1500
    Draw 1000/1500
    Draw 1200/1500
    Draw 1400/1500
  lambda=1e-10: saved [1000x1000]
  lambda=1e-08: saved [1000x1000]
  lambda=1e-06: saved [1000x1000]
  lambda=1e-04: saved [1000x1000]
  lambda=1e-02: saved [1000x1000]
  lambda=1e+00: saved [1000x1000]

[5/6] run aa3003a3
    Draw 200/1500
    Draw 400/1500
    Draw 600/1500
    Draw 800/1500
    Draw 1000/1500
    Draw 1200/1500
    Draw 1400/1500
  lambda=1e-10: saved [1000x1000]
  lambda=1e-08: saved [1000x1000]
  lambda=1e-06: saved [1000x1000]
  lambda=1e-04: saved [1000x1000]
  lambda=1e-02: saved [1000x1000]
  lambda=1e+00: saved [1000x1000]

[6/6] run e19a7227
    Draw 200/1500
    Draw 400/1500
    Draw 600/1500
    Draw 800/1500
    Draw 1000/1500
    Draw 1200/1500
    Draw 1400/1500
  lambda=1e-10: saved [1000x1000]
  lambda=1e-08: saved [1000x1000]
  lambda=1e-06: saved [1000x1000]
  lambda=1e-04: saved [1000x1000]
  lambda=1e-02: saved [1000x1000]
  lambda=1e+00: saved [1000x1000]

Done.
